INFO:initDB:Conneting to papiDB...
INFO:initDB:Instantiating PapiDB. Creating Person table...
INFO:initDB:Person Table created. Populating table...
INFO:initDB:Table populated.
INFO:initDB:Conneting to papiDB...
INFO:initDB:Instantiating PapiDB. Creating Person table...
INFO:initDB:Person Table created. Populating table...
INFO:initDB:Table populated. Creating Song Table.
INFO:initDB:Conneting to papiDB...
INFO:initDB:Instantiating PapiDB. Creating Person table...
INFO:initDB:Person Table created. Populating table...
INFO:initDB:Table populated. Creating Song Table.
INFO:initDB:Conneting to papiDB...
INFO:initDB:Instantiating PapiDB. Creating Person table...
INFO:initDB:Person Table created. Populating table...
INFO:initDB:Table populated. Creating Song Table.
INFO:initDB:Conneting to papiDB...
INFO:initDB:Instantiating PapiDB. Creating Person table...
INFO:initDB:Person Table created. Populating table...
INFO:initDB:Table populated. Creating Song Table.
INFO:initDB:Conneting to papiDB...
INFO:initDB:Instantiating PapiDB. Creating Person table...
INFO:initDB:Person Table created. Populating table...
INFO:initDB:Table populated. Creating Song Table.
